com/buyme/auth/LoginRequest.class
com/buyme/alert/AlertController.class
com/buyme/admin/dto/CreateCustomerRepRequest.class
com/buyme/security/TokenService.class
com/buyme/request/dto/CreateCustomerRequest.class
com/buyme/alert/dto/CreateAlertRequest.class
com/buyme/request/dto/UpdateCustomerRequest.class
com/buyme/BuyMeApplication.class
com/buyme/admin/AdminController.class
com/buyme/auction/dto/AuctionItem.class
com/buyme/bid/BidRepository.class
com/buyme/category/CategoryDto.class
com/buyme/bid/BidController.class
com/buyme/alert/Alert.class
com/buyme/request/CustomerRequest.class
com/buyme/bid/dto/CreateBidRequest.class
com/buyme/auction/AuctionStatus.class
com/buyme/config/GlobalExceptionHandler.class
com/buyme/admin/dto/SalesReportDto.class
com/buyme/auth/AuthResponse.class
com/buyme/admin/AdminService.class
com/buyme/user/User.class
com/buyme/bid/Bid.class
com/buyme/alert/AlertService.class
com/buyme/alert/dto/AlertDto.class
com/buyme/request/CustomerRequestService.class
com/buyme/config/CorsConfig$1.class
com/buyme/auth/AuthService.class
com/buyme/user/UserService.class
com/buyme/user/UserController.class
com/buyme/user/UserRepository.class
com/buyme/auction/dto/UpdateAuctionRequest.class
com/buyme/auction/AuctionService.class
com/buyme/auth/AuthController.class
com/buyme/request/CustomerRequestRepository.class
com/buyme/user/UserRole.class
com/buyme/category/CategoryController.class
com/buyme/config/CorsConfig.class
com/buyme/request/dto/CustomerRequestDto.class
com/buyme/category/Category.class
com/buyme/bid/dto/BidResponse.class
com/buyme/admin/dto/AuditLogDto.class
com/buyme/auction/AuctionController.class
com/buyme/auction/AuctionRepository.class
com/buyme/category/CategoryService.class
com/buyme/auction/dto/AuctionListResponse.class
com/buyme/alert/AlertRepository.class
com/buyme/admin/AuditLogRepository.class
com/buyme/user/UserDto.class
com/buyme/request/CustomerRequestController.class
com/buyme/auction/Auction.class
com/buyme/category/CategoryRepository.class
com/buyme/auth/RegisterRequest.class
com/buyme/bid/BidService.class
com/buyme/auction/dto/CreateAuctionRequest.class
com/buyme/admin/AuditLog.class
