/Users/apoorvbankey/Downloads/buyme-api-h2-updated2/src/main/java/com/buyme/BuyMeApplication.java
/Users/apoorvbankey/Downloads/buyme-api-h2-updated2/src/main/java/com/buyme/admin/AdminController.java
/Users/apoorvbankey/Downloads/buyme-api-h2-updated2/src/main/java/com/buyme/admin/AdminService.java
/Users/apoorvbankey/Downloads/buyme-api-h2-updated2/src/main/java/com/buyme/admin/AuditLog.java
/Users/apoorvbankey/Downloads/buyme-api-h2-updated2/src/main/java/com/buyme/admin/AuditLogRepository.java
/Users/apoorvbankey/Downloads/buyme-api-h2-updated2/src/main/java/com/buyme/admin/dto/AuditLogDto.java
/Users/apoorvbankey/Downloads/buyme-api-h2-updated2/src/main/java/com/buyme/admin/dto/CreateCustomerRepRequest.java
/Users/apoorvbankey/Downloads/buyme-api-h2-updated2/src/main/java/com/buyme/admin/dto/SalesReportDto.java
/Users/apoorvbankey/Downloads/buyme-api-h2-updated2/src/main/java/com/buyme/alert/Alert.java
/Users/apoorvbankey/Downloads/buyme-api-h2-updated2/src/main/java/com/buyme/alert/AlertController.java
/Users/apoorvbankey/Downloads/buyme-api-h2-updated2/src/main/java/com/buyme/alert/AlertRepository.java
/Users/apoorvbankey/Downloads/buyme-api-h2-updated2/src/main/java/com/buyme/alert/AlertService.java
/Users/apoorvbankey/Downloads/buyme-api-h2-updated2/src/main/java/com/buyme/alert/dto/AlertDto.java
/Users/apoorvbankey/Downloads/buyme-api-h2-updated2/src/main/java/com/buyme/alert/dto/CreateAlertRequest.java
/Users/apoorvbankey/Downloads/buyme-api-h2-updated2/src/main/java/com/buyme/auction/Auction.java
/Users/apoorvbankey/Downloads/buyme-api-h2-updated2/src/main/java/com/buyme/auction/AuctionController.java
/Users/apoorvbankey/Downloads/buyme-api-h2-updated2/src/main/java/com/buyme/auction/AuctionRepository.java
/Users/apoorvbankey/Downloads/buyme-api-h2-updated2/src/main/java/com/buyme/auction/AuctionService.java
/Users/apoorvbankey/Downloads/buyme-api-h2-updated2/src/main/java/com/buyme/auction/AuctionStatus.java
/Users/apoorvbankey/Downloads/buyme-api-h2-updated2/src/main/java/com/buyme/auction/dto/AuctionItem.java
/Users/apoorvbankey/Downloads/buyme-api-h2-updated2/src/main/java/com/buyme/auction/dto/AuctionListResponse.java
/Users/apoorvbankey/Downloads/buyme-api-h2-updated2/src/main/java/com/buyme/auction/dto/CreateAuctionRequest.java
/Users/apoorvbankey/Downloads/buyme-api-h2-updated2/src/main/java/com/buyme/auction/dto/UpdateAuctionRequest.java
/Users/apoorvbankey/Downloads/buyme-api-h2-updated2/src/main/java/com/buyme/auth/AuthController.java
/Users/apoorvbankey/Downloads/buyme-api-h2-updated2/src/main/java/com/buyme/auth/AuthResponse.java
/Users/apoorvbankey/Downloads/buyme-api-h2-updated2/src/main/java/com/buyme/auth/AuthService.java
/Users/apoorvbankey/Downloads/buyme-api-h2-updated2/src/main/java/com/buyme/auth/LoginRequest.java
/Users/apoorvbankey/Downloads/buyme-api-h2-updated2/src/main/java/com/buyme/auth/RegisterRequest.java
/Users/apoorvbankey/Downloads/buyme-api-h2-updated2/src/main/java/com/buyme/bid/Bid.java
/Users/apoorvbankey/Downloads/buyme-api-h2-updated2/src/main/java/com/buyme/bid/BidController.java
/Users/apoorvbankey/Downloads/buyme-api-h2-updated2/src/main/java/com/buyme/bid/BidRepository.java
/Users/apoorvbankey/Downloads/buyme-api-h2-updated2/src/main/java/com/buyme/bid/BidService.java
/Users/apoorvbankey/Downloads/buyme-api-h2-updated2/src/main/java/com/buyme/bid/dto/BidResponse.java
/Users/apoorvbankey/Downloads/buyme-api-h2-updated2/src/main/java/com/buyme/bid/dto/CreateBidRequest.java
/Users/apoorvbankey/Downloads/buyme-api-h2-updated2/src/main/java/com/buyme/category/Category.java
/Users/apoorvbankey/Downloads/buyme-api-h2-updated2/src/main/java/com/buyme/category/CategoryController.java
/Users/apoorvbankey/Downloads/buyme-api-h2-updated2/src/main/java/com/buyme/category/CategoryDto.java
/Users/apoorvbankey/Downloads/buyme-api-h2-updated2/src/main/java/com/buyme/category/CategoryRepository.java
/Users/apoorvbankey/Downloads/buyme-api-h2-updated2/src/main/java/com/buyme/category/CategoryService.java
/Users/apoorvbankey/Downloads/buyme-api-h2-updated2/src/main/java/com/buyme/config/CorsConfig.java
/Users/apoorvbankey/Downloads/buyme-api-h2-updated2/src/main/java/com/buyme/config/GlobalExceptionHandler.java
/Users/apoorvbankey/Downloads/buyme-api-h2-updated2/src/main/java/com/buyme/request/CustomerRequest.java
/Users/apoorvbankey/Downloads/buyme-api-h2-updated2/src/main/java/com/buyme/request/CustomerRequestController.java
/Users/apoorvbankey/Downloads/buyme-api-h2-updated2/src/main/java/com/buyme/request/CustomerRequestRepository.java
/Users/apoorvbankey/Downloads/buyme-api-h2-updated2/src/main/java/com/buyme/request/CustomerRequestService.java
/Users/apoorvbankey/Downloads/buyme-api-h2-updated2/src/main/java/com/buyme/request/dto/CreateCustomerRequest.java
/Users/apoorvbankey/Downloads/buyme-api-h2-updated2/src/main/java/com/buyme/request/dto/CustomerRequestDto.java
/Users/apoorvbankey/Downloads/buyme-api-h2-updated2/src/main/java/com/buyme/request/dto/UpdateCustomerRequest.java
/Users/apoorvbankey/Downloads/buyme-api-h2-updated2/src/main/java/com/buyme/security/TokenService.java
/Users/apoorvbankey/Downloads/buyme-api-h2-updated2/src/main/java/com/buyme/user/User.java
/Users/apoorvbankey/Downloads/buyme-api-h2-updated2/src/main/java/com/buyme/user/UserController.java
/Users/apoorvbankey/Downloads/buyme-api-h2-updated2/src/main/java/com/buyme/user/UserDto.java
/Users/apoorvbankey/Downloads/buyme-api-h2-updated2/src/main/java/com/buyme/user/UserRepository.java
/Users/apoorvbankey/Downloads/buyme-api-h2-updated2/src/main/java/com/buyme/user/UserRole.java
/Users/apoorvbankey/Downloads/buyme-api-h2-updated2/src/main/java/com/buyme/user/UserService.java
